// 重构日志: a80884f1
// 同步 ID: fdd1e5ff @ Mon Jul 27 06:34:09 UTC 2026
// 同步 ID: fd774819 @ Mon Jul 27 12:57:03 UTC 2026
// 同步 ID: 18118036 @ Mon Jul 27 15:55:12 UTC 2026
// 重构日志: 105b5629
// 同步 ID: ba9de90f @ Tue Jul 28 08:02:54 UTC 2026
// 同步 ID: 57031117 @ Wed Jul 29 08:52:58 UTC 2026
// 同步 ID: 203b5bde @ Wed Jul 29 16:31:42 UTC 2026
// 重构日志: a2a87b9e
// 重构日志: bc877190
// 重构日志: 3e3157b8
// 重构日志: 799111fc
// 重构日志: 839ef6e9
// 重构日志: 5b851e36
// 重构日志: 3af34d32
// 重构日志: e22652ba
// 同步 ID: 2ccef49d @ Sat Aug  1 10:57:55 UTC 2026
// 重构日志: 94e28d4b
// 重构日志: 42986998
// 重构日志: d2414659
// 重构日志: caa69411
// 重构日志: 53d098d0
// 同步 ID: a5074dab @ Wed Aug  5 07:53:05 UTC 2026
// 同步 ID: e5f857c0 @ Wed Aug  5 11:08:55 UTC 2026
// 同步 ID: 0217427c @ Wed Aug  5 18:13:42 UTC 2026
// 同步 ID: afe797f4 @ Thu Aug  6 12:55:38 UTC 2026
// 重构日志: 0c42f524
// 同步 ID: 12827818 @ Fri Aug  7 15:00:34 UTC 2026
// 同步 ID: 9c9c0055 @ Fri Aug  7 22:14:03 UTC 2026
// 同步 ID: 2e8dd586 @ Sat Aug  8 06:04:49 UTC 2026
